<?xml version="1.0" encoding="utf-8"?><testsuites><testsuite name="pytest" errors="0" failures="0" skipped="2" tests="19" time="0.035" timestamp="2025-07-19T22:20:04.954384+08:00" hostname="4X0S444"><testcase classname="tests.test_math.TestMathBasicOperations" name="test_add" time="0.000" /><testcase classname="tests.test_math.TestMathBasicOperations" name="test_subtract" time="0.000" /><testcase classname="tests.test_math.TestMathBasicOperations" name="test_multiply" time="0.000" /><testcase classname="tests.test_math.TestMathAdvancedOperations" name="test_divide" time="0.000" /><testcase classname="tests.test_math.TestMathAdvancedOperations" name="test_factorial" time="0.000" /><testcase classname="tests.test_math.TestMathNegativeCases" name="test_divide_by_zero" time="0.000" /><testcase classname="tests.test_math.TestMathNegativeCases" name="test_negative_factorial" time="0.000" /><testcase classname="tests.test_math" name="test_smoke_math" time="0.000" /><testcase classname="tests.test_math" name="test_regression_math" time="0.000" /><testcase classname="tests.test_math" name="test_future_feature" time="0.000"><skipped type="pytest.skip" message="Not implemented yet">/home/johnnyj/Development/source_code/git/github.com/nvidia/bp-cicd-org/pytest-actions-report-demo/tests/test_math.py:49: Not implemented yet</skipped></testcase><testcase classname="tests.test_string.TestStringBasicOperations" name="test_reverse" time="0.000" /><testcase classname="tests.test_string.TestStringBasicOperations" name="test_count_vowels" time="0.000" /><testcase classname="tests.test_string.TestStringAdvancedOperations" name="test_is_palindrome[madam-True]" time="0.000" /><testcase classname="tests.test_string.TestStringAdvancedOperations" name="test_is_palindrome[racecar-True]" time="0.000" /><testcase classname="tests.test_string.TestStringAdvancedOperations" name="test_is_palindrome[hello-False]" time="0.000" /><testcase classname="tests.test_string" name="test_empty_string" time="0.000" /><testcase classname="tests.test_string" name="test_smoke_string" time="0.000" /><testcase classname="tests.test_string" name="test_regression_string" time="0.000" /><testcase classname="tests.test_string" name="test_expected_failure" time="0.000"><skipped type="pytest.xfail" message="" /></testcase></testsuite></testsuites>